CRITICAL - 2026-07-20 07:48:40 --> ErrorException: Undefined variable $prefixes
[Method: GET, Route: client/login]
in APPPATH\Views\client\login.php on line 144.
 1 APPPATH\Views\client\login.php(144): CodeIgniter\Debug\Exceptions->errorHandler(2, 'Undefined variable $prefixes', 'C:\\Indra\\SI\\Operateur\\app\\Views\\client\\login.php', 144)
 2 SYSTEMPATH\View\View.php(240): include('C:\\Indra\\SI\\Operateur\\app\\Views\\client\\login.php')
 3 SYSTEMPATH\View\View.php(243): CodeIgniter\View\View->CodeIgniter\View\{closure}()
 4 SYSTEMPATH\Common.php(1250): CodeIgniter\View\View->render('client/login', [], true)
 5 APPPATH\Controllers\AuthController.php(12): view('client/login', [...])
 6 SYSTEMPATH\CodeIgniter.php(951): App\Controllers\AuthController->index()
 7 SYSTEMPATH\CodeIgniter.php(497): CodeIgniter\CodeIgniter->runController(Object(App\Controllers\AuthController))
 8 SYSTEMPATH\CodeIgniter.php(340): CodeIgniter\CodeIgniter->handleRequest(null, Object(Config\Cache), false)
 9 SYSTEMPATH\Boot.php(417): CodeIgniter\CodeIgniter->run()
10 SYSTEMPATH\Boot.php(68): CodeIgniter\Boot::runCodeIgniter(Object(CodeIgniter\CodeIgniter))
11 FCPATH\index.php(59): CodeIgniter\Boot::bootWeb(Object(Config\Paths))
CRITICAL - 2026-07-20 07:53:05 --> ErrorException: Undefined array key "prefixe"
[Method: POST, Route: client/dashboard]
in APPPATH\Controllers\AuthController.php on line 18.
 1 APPPATH\Controllers\AuthController.php(18): CodeIgniter\Debug\Exceptions->errorHandler(2, 'Undefined array key "prefixe"', 'C:\\Indra\\SI\\Operateur\\app\\Controllers\\AuthController.php', 18)
 2 SYSTEMPATH\CodeIgniter.php(951): App\Controllers\AuthController->login()
 3 SYSTEMPATH\CodeIgniter.php(497): CodeIgniter\CodeIgniter->runController(Object(App\Controllers\AuthController))
 4 SYSTEMPATH\CodeIgniter.php(340): CodeIgniter\CodeIgniter->handleRequest(null, Object(Config\Cache), false)
 5 SYSTEMPATH\Boot.php(417): CodeIgniter\CodeIgniter->run()
 6 SYSTEMPATH\Boot.php(68): CodeIgniter\Boot::runCodeIgniter(Object(CodeIgniter\CodeIgniter))
 7 FCPATH\index.php(59): CodeIgniter\Boot::bootWeb(Object(Config\Paths))
CRITICAL - 2026-07-20 07:53:52 --> ErrorException: Undefined array key "prefixe"
[Method: POST, Route: client/dashboard]
in APPPATH\Controllers\AuthController.php on line 18.
 1 APPPATH\Controllers\AuthController.php(18): CodeIgniter\Debug\Exceptions->errorHandler(2, 'Undefined array key "prefixe"', 'C:\\Indra\\SI\\Operateur\\app\\Controllers\\AuthController.php', 18)
 2 SYSTEMPATH\CodeIgniter.php(951): App\Controllers\AuthController->login()
 3 SYSTEMPATH\CodeIgniter.php(497): CodeIgniter\CodeIgniter->runController(Object(App\Controllers\AuthController))
 4 SYSTEMPATH\CodeIgniter.php(340): CodeIgniter\CodeIgniter->handleRequest(null, Object(Config\Cache), false)
 5 SYSTEMPATH\Boot.php(417): CodeIgniter\CodeIgniter->run()
 6 SYSTEMPATH\Boot.php(68): CodeIgniter\Boot::runCodeIgniter(Object(CodeIgniter\CodeIgniter))
 7 FCPATH\index.php(59): CodeIgniter\Boot::bootWeb(Object(Config\Paths))
CRITICAL - 2026-07-20 07:54:39 --> ErrorException: Undefined array key "prefixe"
[Method: POST, Route: client/dashboard]
in APPPATH\Controllers\AuthController.php on line 18.
 1 APPPATH\Controllers\AuthController.php(18): CodeIgniter\Debug\Exceptions->errorHandler(2, 'Undefined array key "prefixe"', 'C:\\Indra\\SI\\Operateur\\app\\Controllers\\AuthController.php', 18)
 2 SYSTEMPATH\CodeIgniter.php(951): App\Controllers\AuthController->login()
 3 SYSTEMPATH\CodeIgniter.php(497): CodeIgniter\CodeIgniter->runController(Object(App\Controllers\AuthController))
 4 SYSTEMPATH\CodeIgniter.php(340): CodeIgniter\CodeIgniter->handleRequest(null, Object(Config\Cache), false)
 5 SYSTEMPATH\Boot.php(417): CodeIgniter\CodeIgniter->run()
 6 SYSTEMPATH\Boot.php(68): CodeIgniter\Boot::runCodeIgniter(Object(CodeIgniter\CodeIgniter))
 7 FCPATH\index.php(59): CodeIgniter\Boot::bootWeb(Object(Config\Paths))
CRITICAL - 2026-07-20 07:57:18 --> ErrorException: Undefined array key "prefixe"
[Method: POST, Route: client/dashboard]
in APPPATH\Controllers\AuthController.php on line 18.
 1 APPPATH\Controllers\AuthController.php(18): CodeIgniter\Debug\Exceptions->errorHandler(2, 'Undefined array key "prefixe"', 'C:\\Indra\\SI\\Operateur\\app\\Controllers\\AuthController.php', 18)
 2 SYSTEMPATH\CodeIgniter.php(951): App\Controllers\AuthController->login()
 3 SYSTEMPATH\CodeIgniter.php(497): CodeIgniter\CodeIgniter->runController(Object(App\Controllers\AuthController))
 4 SYSTEMPATH\CodeIgniter.php(340): CodeIgniter\CodeIgniter->handleRequest(null, Object(Config\Cache), false)
 5 SYSTEMPATH\Boot.php(417): CodeIgniter\CodeIgniter->run()
 6 SYSTEMPATH\Boot.php(68): CodeIgniter\Boot::runCodeIgniter(Object(CodeIgniter\CodeIgniter))
 7 FCPATH\index.php(59): CodeIgniter\Boot::bootWeb(Object(Config\Paths))
CRITICAL - 2026-07-20 07:58:16 --> ErrorException: Undefined array key "prefixe"
[Method: POST, Route: client/dashboard]
in APPPATH\Controllers\AuthController.php on line 18.
 1 APPPATH\Controllers\AuthController.php(18): CodeIgniter\Debug\Exceptions->errorHandler(2, 'Undefined array key "prefixe"', 'C:\\Indra\\SI\\Operateur\\app\\Controllers\\AuthController.php', 18)
 2 SYSTEMPATH\CodeIgniter.php(951): App\Controllers\AuthController->login()
 3 SYSTEMPATH\CodeIgniter.php(497): CodeIgniter\CodeIgniter->runController(Object(App\Controllers\AuthController))
 4 SYSTEMPATH\CodeIgniter.php(340): CodeIgniter\CodeIgniter->handleRequest(null, Object(Config\Cache), false)
 5 SYSTEMPATH\Boot.php(417): CodeIgniter\CodeIgniter->run()
 6 SYSTEMPATH\Boot.php(68): CodeIgniter\Boot::runCodeIgniter(Object(CodeIgniter\CodeIgniter))
 7 FCPATH\index.php(59): CodeIgniter\Boot::bootWeb(Object(Config\Paths))
CRITICAL - 2026-07-20 07:58:31 --> ErrorException: Undefined array key "prefixe"
[Method: POST, Route: client/dashboard]
in APPPATH\Controllers\AuthController.php on line 18.
 1 APPPATH\Controllers\AuthController.php(18): CodeIgniter\Debug\Exceptions->errorHandler(2, 'Undefined array key "prefixe"', 'C:\\Indra\\SI\\Operateur\\app\\Controllers\\AuthController.php', 18)
 2 SYSTEMPATH\CodeIgniter.php(951): App\Controllers\AuthController->login()
 3 SYSTEMPATH\CodeIgniter.php(497): CodeIgniter\CodeIgniter->runController(Object(App\Controllers\AuthController))
 4 SYSTEMPATH\CodeIgniter.php(340): CodeIgniter\CodeIgniter->handleRequest(null, Object(Config\Cache), false)
 5 SYSTEMPATH\Boot.php(417): CodeIgniter\CodeIgniter->run()
 6 SYSTEMPATH\Boot.php(68): CodeIgniter\Boot::runCodeIgniter(Object(CodeIgniter\CodeIgniter))
 7 FCPATH\index.php(59): CodeIgniter\Boot::bootWeb(Object(Config\Paths))
CRITICAL - 2026-07-20 07:59:40 --> ErrorException: Undefined array key "prefixe"
[Method: POST, Route: client/dashboard]
in APPPATH\Controllers\AuthController.php on line 18.
 1 APPPATH\Controllers\AuthController.php(18): CodeIgniter\Debug\Exceptions->errorHandler(2, 'Undefined array key "prefixe"', 'C:\\Indra\\SI\\Operateur\\app\\Controllers\\AuthController.php', 18)
 2 SYSTEMPATH\CodeIgniter.php(951): App\Controllers\AuthController->login()
 3 SYSTEMPATH\CodeIgniter.php(497): CodeIgniter\CodeIgniter->runController(Object(App\Controllers\AuthController))
 4 SYSTEMPATH\CodeIgniter.php(340): CodeIgniter\CodeIgniter->handleRequest(null, Object(Config\Cache), false)
 5 SYSTEMPATH\Boot.php(417): CodeIgniter\CodeIgniter->run()
 6 SYSTEMPATH\Boot.php(68): CodeIgniter\Boot::runCodeIgniter(Object(CodeIgniter\CodeIgniter))
 7 FCPATH\index.php(59): CodeIgniter\Boot::bootWeb(Object(Config\Paths))
CRITICAL - 2026-07-20 08:00:11 --> TypeError: CodeIgniter\BaseModel::timeToString(): Argument #1 ($properties) must be of type array, string given, called in C:\Indra\SI\Operateur\system\BaseModel.php on line 1918
[Method: POST, Route: client/dashboard]
in SYSTEMPATH\BaseModel.php on line 1805.
 1 SYSTEMPATH\BaseModel.php(1918): CodeIgniter\BaseModel->timeToString('121302890')
 2 SYSTEMPATH\BaseModel.php(865): CodeIgniter\BaseModel->transformDataToArray('121302890', 'insert')
 3 SYSTEMPATH\Model.php(668): CodeIgniter\BaseModel->insert('121302890', false)
 4 SYSTEMPATH\BaseModel.php(752): CodeIgniter\Model->insert('121302890', false)
 5 APPPATH\Controllers\AuthController.php(19): CodeIgniter\BaseModel->save('121302890')
 6 SYSTEMPATH\CodeIgniter.php(951): App\Controllers\AuthController->login()
 7 SYSTEMPATH\CodeIgniter.php(497): CodeIgniter\CodeIgniter->runController(Object(App\Controllers\AuthController))
 8 SYSTEMPATH\CodeIgniter.php(340): CodeIgniter\CodeIgniter->handleRequest(null, Object(Config\Cache), false)
 9 SYSTEMPATH\Boot.php(417): CodeIgniter\CodeIgniter->run()
10 SYSTEMPATH\Boot.php(68): CodeIgniter\Boot::runCodeIgniter(Object(CodeIgniter\CodeIgniter))
11 FCPATH\index.php(59): CodeIgniter\Boot::bootWeb(Object(Config\Paths))
CRITICAL - 2026-07-20 08:03:09 --> ErrorException: ini_set(): Session ini settings cannot be changed when a session is active
[Method: POST, Route: client/dashboard]
in SYSTEMPATH\Session\Handlers\FileHandler.php on line 73.
 1 [internal function]: CodeIgniter\Debug\Exceptions->errorHandler(2, 'ini_set(): Session ini settings cannot be changed when a session is active', 'C:\\Indra\\SI\\Operateur\\system\\Session\\Handlers\\FileHandler.php', 73)
 2 SYSTEMPATH\Session\Handlers\FileHandler.php(73): ini_set('session.save_path', 'C:\\Indra\\SI\\Operateur\\writable\\session')
 3 SYSTEMPATH\Config\Services.php(702): CodeIgniter\Session\Handlers\FileHandler->__construct(Object(Config\Session), '::1')
 4 SYSTEMPATH\Config\BaseService.php(325): CodeIgniter\Config\Services::session(Object(Config\Session), false)
 5 SYSTEMPATH\Config\BaseService.php(264): CodeIgniter\Config\BaseService::__callStatic('session', [...])
 6 SYSTEMPATH\Config\Services.php(668): CodeIgniter\Config\BaseService::getSharedInstance('session', null)
 7 SYSTEMPATH\Config\BaseService.php(334): CodeIgniter\Config\Services::session()
 8 SYSTEMPATH\Config\BaseService.php(203): CodeIgniter\Config\BaseService::__callStatic('session', [])
 9 SYSTEMPATH\Common.php(1078): CodeIgniter\Config\BaseService::get('session')
10 SYSTEMPATH\Common.php(1051): service('session')
11 SYSTEMPATH\CodeIgniter.php(1082): session()
12 SYSTEMPATH\CodeIgniter.php(537): CodeIgniter\CodeIgniter->storePreviousURL(Object(CodeIgniter\HTTP\SiteURI))
13 SYSTEMPATH\CodeIgniter.php(340): CodeIgniter\CodeIgniter->handleRequest(null, Object(Config\Cache), false)
14 SYSTEMPATH\Boot.php(417): CodeIgniter\CodeIgniter->run()
15 SYSTEMPATH\Boot.php(68): CodeIgniter\Boot::runCodeIgniter(Object(CodeIgniter\CodeIgniter))
16 FCPATH\index.php(59): CodeIgniter\Boot::bootWeb(Object(Config\Paths))
CRITICAL - 2026-07-20 08:33:23 --> Error: Class "App\Controllers\OperationModel" not found
[Method: POST, Route: client/dashboard]
in APPPATH\Controllers\AuthController.php on line 17.
 1 SYSTEMPATH\CodeIgniter.php(951): App\Controllers\AuthController->login()
 2 SYSTEMPATH\CodeIgniter.php(497): CodeIgniter\CodeIgniter->runController(Object(App\Controllers\AuthController))
 3 SYSTEMPATH\CodeIgniter.php(340): CodeIgniter\CodeIgniter->handleRequest(null, Object(Config\Cache), false)
 4 SYSTEMPATH\Boot.php(417): CodeIgniter\CodeIgniter->run()
 5 SYSTEMPATH\Boot.php(68): CodeIgniter\Boot::runCodeIgniter(Object(CodeIgniter\CodeIgniter))
 6 FCPATH\index.php(59): CodeIgniter\Boot::bootWeb(Object(Config\Paths))
CRITICAL - 2026-07-20 08:33:43 --> ErrorException: Cannot declare class App\Models\CompteModel, because the name is already in use
[Method: POST, Route: client/dashboard]
in APPPATH\Models\OperationModel.php on line 7.
 1 [internal function]: CodeIgniter\Debug\Exceptions->shutdownHandler()
CRITICAL - 2026-07-20 08:34:36 --> ErrorException: Trying to access array offset on value of type bool
[Method: POST, Route: client/dashboard]
in APPPATH\Controllers\AuthController.php on line 28.
 1 APPPATH\Controllers\AuthController.php(28): CodeIgniter\Debug\Exceptions->errorHandler(2, 'Trying to access array offset on value of type bool', 'C:\\Indra\\SI\\Operateur\\app\\Controllers\\AuthController.php', 28)
 2 SYSTEMPATH\CodeIgniter.php(951): App\Controllers\AuthController->login()
 3 SYSTEMPATH\CodeIgniter.php(497): CodeIgniter\CodeIgniter->runController(Object(App\Controllers\AuthController))
 4 SYSTEMPATH\CodeIgniter.php(340): CodeIgniter\CodeIgniter->handleRequest(null, Object(Config\Cache), false)
 5 SYSTEMPATH\Boot.php(417): CodeIgniter\CodeIgniter->run()
 6 SYSTEMPATH\Boot.php(68): CodeIgniter\Boot::runCodeIgniter(Object(CodeIgniter\CodeIgniter))
 7 FCPATH\index.php(59): CodeIgniter\Boot::bootWeb(Object(Config\Paths))
DEBUG - 2026-07-20 08:48:04 --> Session: Class initialized using 'CodeIgniter\Session\Handlers\FileHandler' driver.
DEBUG - 2026-07-20 08:50:22 --> Session: Class initialized using 'CodeIgniter\Session\Handlers\FileHandler' driver.
DEBUG - 2026-07-20 08:53:36 --> Session: Class initialized using 'CodeIgniter\Session\Handlers\FileHandler' driver.
DEBUG - 2026-07-20 08:54:12 --> Session: Class initialized using 'CodeIgniter\Session\Handlers\FileHandler' driver.
DEBUG - 2026-07-20 08:54:37 --> Session: Class initialized using 'CodeIgniter\Session\Handlers\FileHandler' driver.
DEBUG - 2026-07-20 08:54:58 --> Session: Class initialized using 'CodeIgniter\Session\Handlers\FileHandler' driver.
DEBUG - 2026-07-20 08:59:36 --> Session: Class initialized using 'CodeIgniter\Session\Handlers\FileHandler' driver.
DEBUG - 2026-07-20 09:23:01 --> Session: Class initialized using 'CodeIgniter\Session\Handlers\FileHandler' driver.
DEBUG - 2026-07-20 09:25:06 --> Session: Class initialized using 'CodeIgniter\Session\Handlers\FileHandler' driver.
DEBUG - 2026-07-20 09:41:04 --> Session: Class initialized using 'CodeIgniter\Session\Handlers\FileHandler' driver.
DEBUG - 2026-07-20 09:43:41 --> Session: Class initialized using 'CodeIgniter\Session\Handlers\FileHandler' driver.
